[    0.000000] Initializing cgroup subsys cpuset
[    0.000000] Initializing cgroup subsys cpu
[    0.000000] Initializing cgroup subsys cpuacct
[    0.000000] Linux version 4.4.0-193-generic (buildd@lgw01-amd64-024) (gcc version 5.4.0 20160609 (Ubuntu 5.4.0-6ubuntu1~16.04.12) ) #224-Ubuntu SMP Tue Oct 6 17:15:28 UTC 2020 (Ubuntu 4.4.0-193.224-generic 4.4.236)
[    0.000000] Command line: BOOT_IMAGE=/boot/vmlinuz-4.4.0-193-generic root=UUID=34028db4-1a50-408f-8d44-ab3f92ccc29a ro console=tty1 console=ttyS0
[    0.000000] KERNEL supported cpus:
[    0.000000]   Intel GenuineIntel
[    0.000000]   AMD AuthenticAMD
[    0.000000]   Centaur CentaurHauls
[    0.000000] x86/fpu: xstate_offset[2]:  576, xstate_sizes[2]:  256
[    0.000000] x86/fpu: Supporting XSAVE feature 0x01: 'x87 floating point registers'
[    0.000000] x86/fpu: Supporting XSAVE feature 0x02: 'SSE registers'
[    0.000000] x86/fpu: Supporting XSAVE feature 0x04: 'AVX registers'
[    0.000000] x86/fpu: Enabled xstate features 0x7, context size is 832 bytes, using 'standard' format.
[    0.000000] e820: BIOS-provided physical RAM map:
[    0.000000] BIOS-e820: [mem 0x0000000000000000-0x000000000009fbff] usable
[    0.000000] BIOS-e820: [mem 0x000000000009fc00-0x000000000009ffff] reserved
[    0.000000] BIOS-e820: [mem 0x00000000000f0000-0x00000000000fffff] reserved
[    0.000000] BIOS-e820: [mem 0x0000000000100000-0x000000007ffeffff] usable
[    0.000000] BIOS-e820: [mem 0x000000007fff0000-0x000000007fffffff] ACPI data
[    0.000000] BIOS-e820: [mem 0x00000000fec00000-0x00000000fec00fff] reserved
[    0.000000] BIOS-e820: [mem 0x00000000fee00000-0x00000000fee00fff] reserved
[    0.000000] BIOS-e820: [mem 0x00000000fffc0000-0x00000000ffffffff] reserved
[    0.000000] NX (Execute Disable) protection: active
[    0.000000] SMBIOS 2.5 present.
[    0.000000] Hypervisor detected: KVM
[    0.000000] e820: last_pfn = 0x7fff0 max_arch_pfn = 0x400000000
[    0.000000] MTRR: Disabled
[    0.000000] x86/PAT: MTRRs disabled, skipping PAT initialization too.
[    0.000000] CPU MTRRs all blank - virtualized system.
[    0.000000] x86/PAT: Configuration [0-7]: WB  WT  UC- UC  WB  WT  UC- UC  
[    0.000000] found SMP MP-table at [mem 0x0009fff0-0x0009ffff] mapped at [ffff88000009fff0]
[    0.000000] Scanning 1 areas for low memory corruption
[    0.000000] RAMDISK: [mem 0x361cc000-0x370ddfff]
[    0.000000] ACPI: Early table checksum verification disabled
[    0.000000] ACPI: RSDP 0x00000000000E0000 000024 (v02 VBOX  )
[    0.000000] ACPI: XSDT 0x000000007FFF0030 00003C (v01 VBOX   VBOXXSDT 00000001 ASL  00000061)
[    0.000000] ACPI: FACP 0x000000007FFF00F0 0000F4 (v04 VBOX   VBOXFACP 00000001 ASL  00000061)
[    0.000000] ACPI: DSDT 0x000000007FFF0470 002325 (v02 VBOX   VBOXBIOS 00000002 INTL 20180105)
[    0.000000] ACPI: FACS 0x000000007FFF0200 000040
[    0.000000] ACPI: FACS 0x000000007FFF0200 000040
[    0.000000] ACPI: APIC 0x000000007FFF0240 00005C (v02 VBOX   VBOXAPIC 00000001 ASL  00000061)
[    0.000000] ACPI: SSDT 0x000000007FFF02A0 0001CC (v01 VBOX   VBOXCPUT 00000002 INTL 20180105)
[    0.000000] No NUMA configuration found
[    0.000000] Faking a node at [mem 0x0000000000000000-0x000000007ffeffff]
[    0.000000] NODE_DATA(0) allocated [mem 0x7ffeb000-0x7ffeffff]
[    0.000000] kvm-clock: Using msrs 4b564d01 and 4b564d00
[    0.000000] kvm-clock: cpu 0, msr 0:7ffe3001, primary cpu clock
[    0.000000] kvm-clock: using sched offset of 3246812234 cycles
[    0.000000] clocksource: kvm-clock: mask: 0xffffffffffffffff max_cycles: 0x1cd42e4dffb, max_idle_ns: 881590591483 ns
[    0.000000] Zone ranges:
[    0.000000]   DMA      [mem 0x0000000000001000-0x0000000000ffffff]
[    0.000000]   DMA32    [mem 0x0000000001000000-0x000000007ffeffff]
[    0.000000]   Normal   empty
[    0.000000]   Device   empty
[    0.000000] Movable zone start for each node
[    0.000000] Early memory node ranges
[    0.000000]   node   0: [mem 0x0000000000001000-0x000000000009efff]
[    0.000000]   node   0: [mem 0x0000000000100000-0x000000007ffeffff]
[    0.000000] Initmem setup node 0 [mem 0x0000000000001000-0x000000007ffeffff]
[    0.000000] ACPI: PM-Timer IO Port: 0x4008
[    0.000000] IOAPIC[0]: apic_id 2, version 32, address 0xfec00000, GSI 0-23
[    0.000000] ACPI: INT_SRC_OVR (bus 0 bus_irq 0 global_irq 2 dfl dfl)
[    0.000000] ACPI: INT_SRC_OVR (bus 0 bus_irq 9 global_irq 9 low level)
[    0.000000] Using ACPI (MADT) for SMP configuration information
[    0.000000] smpboot: Allowing 2 CPUs, 0 hotplug CPUs
[    0.000000] PM: Registered nosave memory: [mem 0x00000000-0x00000fff]
[    0.000000] PM: Registered nosave memory: [mem 0x0009f000-0x0009ffff]
[    0.000000] PM: Registered nosave memory: [mem 0x000a0000-0x000effff]
[    0.000000] PM: Registered nosave memory: [mem 0x000f0000-0x000fffff]
[    0.000000] e820: [mem 0x80000000-0xfebfffff] available for PCI devices
[    0.000000] Booting paravirtualized kernel on KVM
[    0.000000] clocksource: refined-jiffies: mask: 0xffffffff max_cycles: 0xffffffff, max_idle_ns: 7645519600211568 ns
[    0.000000] setup_percpu: NR_CPUS:512 nr_cpumask_bits:512 nr_cpu_ids:2 nr_node_ids:1
[    0.000000] PERCPU: Embedded 33 pages/cpu @ffff88007fc00000 s95512 r8192 d31464 u1048576
[    0.000000] Built 1 zonelists in Node order, mobility grouping on.  Total pages: 515960
[    0.000000] Policy zone: DMA32
[    0.000000] Kernel command line: BOOT_IMAGE=/boot/vmlinuz-4.4.0-193-generic root=UUID=34028db4-1a50-408f-8d44-ab3f92ccc29a ro console=tty1 console=ttyS0
[    0.000000] PID hash table entries: 4096 (order: 3, 32768 bytes)
[    0.000000] Memory: 2029304K/2096696K available (8640K kernel code, 1337K rwdata, 4040K rodata, 1492K init, 1296K bss, 67392K reserved, 0K cma-reserved)
[    0.000000] SLUB: HWalign=64, Order=0-3, MinObjects=0, CPUs=2, Nodes=1
[    0.000000] Kernel/User page tables isolation: enabled
[    0.000000] Hierarchical RCU implementation.
[    0.000000] 	Build-time adjustment of leaf fanout to 64.
[    0.000000] 	RCU restricting CPUs from NR_CPUS=512 to nr_cpu_ids=2.
[    0.000000] RCU: Adjusting geometry for rcu_fanout_leaf=64, nr_cpu_ids=2
[    0.000000] NR_IRQS:33024 nr_irqs:440 16
[    0.000000] Console: colour VGA+ 80x25
[    0.000000] console [tty1] enabled
[    0.000000] console [ttyS0] enabled
[    0.000000] tsc: Detected 1991.998 MHz processor
[    0.124785] Calibrating delay loop (skipped) preset value.. 3983.99 BogoMIPS (lpj=7967992)
[    0.126056] pid_max: default: 32768 minimum: 301
[    0.126727] ACPI: Core revision 20150930
[    0.127988] ACPI: 2 ACPI AML tables successfully acquired and loaded
[    0.129046] Security Framework initialized
[    0.129673] Yama: becoming mindful.
[    0.130239] AppArmor: AppArmor initialized
[    0.131431] Dentry cache hash table entries: 262144 (order: 9, 2097152 bytes)
[    0.132715] Inode-cache hash table entries: 131072 (order: 8, 1048576 bytes)
[    0.134238] Mount-cache hash table entries: 4096 (order: 3, 32768 bytes)
[    0.135198] Mountpoint-cache hash table entries: 4096 (order: 3, 32768 bytes)
[    0.136269] Initializing cgroup subsys io
[    0.137532] Initializing cgroup subsys memory
[    0.139268] Initializing cgroup subsys devices
[    0.140840] Initializing cgroup subsys freezer
[    0.141769] Initializing cgroup subsys net_cls
[    0.142804] Initializing cgroup subsys perf_event
[    0.143891] Initializing cgroup subsys net_prio
[    0.144771] Initializing cgroup subsys hugetlb
[    0.145415] Initializing cgroup subsys pids
[    0.160852] mce: CPU supports 0 MCE banks
[    0.161571] Last level iTLB entries: 4KB 64, 2MB 8, 4MB 8
[    0.162315] Last level dTLB entries: 4KB 64, 2MB 0, 4MB 0, 1GB 4
[    0.163160] Spectre V1 : Mitigation: usercopy/swapgs barriers and __user pointer sanitization
[    0.164493] Spectre V2 : Mitigation: Full generic retpoline
[    0.165379] Spectre V2 : Spectre v2 / SpectreRSB mitigation: Filling RSB on context switch
[    0.166655] Speculative Store Bypass: Vulnerable
[    0.167340] SRBDS: Unknown: Dependent on hypervisor status
[    0.168176] MDS: Mitigation: Clear CPU buffers
[    0.171434] Freeing SMP alternatives memory: 36K
[    0.177370] ftrace: allocating 32346 entries in 127 pages
[    0.226818] smpboot: APIC(0) Converting physical 0 to logical package 0
[    0.227678] smpboot: Max logical packages: 1
[    0.228450] x2apic enabled
[    0.229138] Switched APIC routing to physical x2apic.
[    0.230828] ..TIMER: vector=0x30 apic1=0 pin1=2 apic2=-1 pin2=-1
[    0.339685] smpboot: CPU0: Intel(R) Core(TM) i7-8550U CPU @ 1.80GHz (family: 0x6, model: 0x8e, stepping: 0xa)
[    0.341310] Performance Events: unsupported p6 CPU model 142 no PMU driver, software events only.
[    0.351867] KVM setup paravirtual spinlock
[    0.353907] x86: Booting SMP configuration:
[    0.354670] .... node  #0, CPUs:      #1
[    0.355511] kvm-clock: cpu 1, msr 0:7ffe3041, secondary cpu clock
[    0.371683] mce: CPU supports 0 MCE banks
[    0.374214] x86: Booted up 1 node, 2 CPUs
[    0.375747] smpboot: Total of 2 processors activated (7967.99 BogoMIPS)
[    0.377513] devtmpfs: initialized
[    0.380897] evm: security.selinux
[    0.381604] evm: security.SMACK64
[    0.382249] evm: security.SMACK64EXEC
[    0.382950] evm: security.SMACK64TRANSMUTE
[    0.383757] evm: security.SMACK64MMAP
[    0.384441] evm: security.ima
[    0.385052] evm: security.capability
[    0.386034] clocksource: jiffies: mask: 0xffffffff max_cycles: 0xffffffff, max_idle_ns: 7645041785100000 ns
[    0.387771] futex hash table entries: 512 (order: 3, 32768 bytes)
[    0.388983] pinctrl core: initialized pinctrl subsystem
[    0.390025] RTC time: 16:08:19, date: 10/20/20
[    0.391254] NET: Registered protocol family 16
[    0.403216] cpuidle: using governor ladder
[    0.415487] cpuidle: using governor menu
[    0.416381] PCCT header not found.
[    0.419236] ACPI: bus type PCI registered
[    0.421102] acpiphp: ACPI Hot Plug PCI Controller Driver version: 0.5
[    0.422375] PCI: Using configuration type 1 for base access
[    0.436849] ACPI: Added _OSI(Module Device)
[    0.437719] ACPI: Added _OSI(Processor Device)
[    0.438545] ACPI: Added _OSI(3.0 _SCP Extensions)
[    0.439438] ACPI: Added _OSI(Processor Aggregator Device)
[    0.441192] ACPI: Executed 1 blocks of module-level executable AML code
[    0.444401] ACPI: Interpreter enabled
[    0.445106] ACPI: (supports S0 S5)
[    0.445796] ACPI: Using IOAPIC for interrupt routing
[    0.446812] PCI: Using host bridge windows from ACPI; if necessary, use "pci=nocrs" and report a bug
[    0.451610] ACPI: PCI Root Bridge [PCI0] (domain 0000 [bus 00-ff])
[    0.452823] acpi PNP0A03:00: _OSC: OS supports [ASPM ClockPM Segments MSI]
[    0.454311] acpi PNP0A03:00: _OSC: not requesting OS control; OS requires [ExtendedConfig ASPM ClockPM MSI]
[    0.455995] acpi PNP0A03:00: fail to add MMCONFIG information, can't access extended PCI configuration space under this bridge.
[    0.458079] PCI host bridge to bus 0000:00
[    0.458834] pci_bus 0000:00: root bus resource [io  0x0000-0x0cf7 window]
[    0.459924] pci_bus 0000:00: root bus resource [io  0x0d00-0xffff window]
[    0.461024] pci_bus 0000:00: root bus resource [mem 0x000a0000-0x000bffff window]
[    0.462361] pci_bus 0000:00: root bus resource [mem 0x80000000-0xfdffffff window]
[    0.463707] pci_bus 0000:00: root bus resource [bus 00-ff]
[    0.466034] pci 0000:00:01.1: legacy IDE quirk: reg 0x10: [io  0x01f0-0x01f7]
[    0.467175] pci 0000:00:01.1: legacy IDE quirk: reg 0x14: [io  0x03f6]
[    0.468209] pci 0000:00:01.1: legacy IDE quirk: reg 0x18: [io  0x0170-0x0177]
[    0.478099] pci 0000:00:01.1: legacy IDE quirk: reg 0x1c: [io  0x0376]
[    0.507354] pci 0000:00:07.0: quirk: [io  0x4000-0x403f] claimed by PIIX4 ACPI
[    0.508758] pci 0000:00:07.0: quirk: [io  0x4100-0x410f] claimed by PIIX4 SMB
[    0.519241] ACPI: PCI Interrupt Link [LNKA] (IRQs 5 9 10 *11)
[    0.520815] ACPI: PCI Interrupt Link [LNKB] (IRQs 5 9 *10 11)
[    0.522239] ACPI: PCI Interrupt Link [LNKC] (IRQs 5 *9 10 11)
[    0.523595] ACPI: PCI Interrupt Link [LNKD] (IRQs 5 9 10 *11)
[    0.525009] ACPI: Enabled 2 GPEs in block 00 to 07
[    0.526313] vgaarb: setting as boot device: PCI:0000:00:02.0
[    0.527272] vgaarb: device added: PCI:0000:00:02.0,decodes=io+mem,owns=io+mem,locks=none
[    0.528975] vgaarb: loaded
[    0.529849] vgaarb: bridge control possible 0000:00:02.0
[    0.531257] SCSI subsystem initialized
[    0.532119] ACPI: bus type USB registered
[    0.532845] usbcore: registered new interface driver usbfs
[    0.533762] usbcore: registered new interface driver hub
[    0.534652] usbcore: registered new device driver usb
[    0.535771] PCI: Using ACPI for IRQ routing
[    0.536785] NetLabel: Initializing
[    0.537435] NetLabel:  domain hash size = 128
[    0.539036] NetLabel:  protocols = UNLABELED CIPSOv4
[    0.540795] NetLabel:  unlabeled traffic allowed by default
[    0.542046] amd_nb: Cannot enumerate AMD northbridges
[    0.542936] clocksource: Switched to clocksource kvm-clock
[    0.549723] AppArmor: AppArmor Filesystem Enabled
[    0.550646] pnp: PnP ACPI init
[    0.551961] pnp: PnP ACPI: found 3 devices
[    0.561393] clocksource: acpi_pm: mask: 0xffffff max_cycles: 0xffffff, max_idle_ns: 2085701024 ns
[    0.562873] NET: Registered protocol family 2
[    0.563850] TCP established hash table entries: 16384 (order: 5, 131072 bytes)
[    0.565145] TCP bind hash table entries: 16384 (order: 6, 262144 bytes)
[    0.566206] TCP: Hash tables configured (established 16384 bind 16384)
[    0.567347] UDP hash table entries: 1024 (order: 3, 32768 bytes)
[    0.568361] UDP-Lite hash table entries: 1024 (order: 3, 32768 bytes)
[    0.569446] NET: Registered protocol family 1
[    0.570247] pci 0000:00:00.0: Limiting direct PCI/PCI transfers
[    0.571247] pci 0000:00:01.0: Activating ISA DMA hang workarounds
[    0.572351] Unpacking initramfs...
[    0.817781] Freeing initrd memory: 15432K
[    0.819286] clocksource: tsc: mask: 0xffffffffffffffff max_cycles: 0x396d4e5fc9d, max_idle_ns: 881590756024 ns
[    0.822151] platform rtc_cmos: registered platform RTC device (no PNP device found)
[    0.824508] Scanning for low memory corruption every 60 seconds
[    0.826673] audit: initializing netlink subsys (disabled)
[    0.828315] audit: type=2000 audit(1603210104.756:1): initialized
[    0.830325] Initialise system trusted keyring
[    0.831967] HugeTLB registered 2 MB page size, pre-allocated 0 pages
[    0.835839] zbud: loaded
[    0.837363] VFS: Disk quotas dquot_6.6.0
[    0.838639] VFS: Dquot-cache hash table entries: 512 (order 0, 4096 bytes)
[    0.840826] squashfs: version 4.0 (2009/01/31) Phillip Lougher
[    0.842638] fuse init (API version 7.23)
[    0.843770] Key type big_key registered
[    0.844693] Allocating IMA MOK and blacklist keyrings.
[    0.846808] Key type asymmetric registered
[    0.847799] Asymmetric key parser 'x509' registered
[    0.848910] Block layer SCSI generic (bsg) driver version 0.4 loaded (major 249)
[    0.850714] io scheduler noop registered
[    0.851655] io scheduler deadline registered (default)
[    0.852802] io scheduler cfq registered
[    0.853839] pci_hotplug: PCI Hot Plug PCI Core version: 0.5
[    0.855044] pciehp: PCI Express Hot Plug Controller Driver version: 0.4
[    0.856621] ACPI: AC Adapter [AC] (on-line)
[    0.857651] input: Power Button as /devices/LNXSYSTM:00/LNXPWRBN:00/input/input0
[    0.859361] ACPI: Power Button [PWRF]
[    0.860383] input: Sleep Button as /devices/LNXSYSTM:00/LNXSLPBN:00/input/input1
[    0.862106] ACPI: Sleep Button [SLPF]
[    0.863903] ACPI: Battery Slot [BAT0] (battery present)
[    0.865065] GHES: HEST is not enabled!
[    0.866089] Serial: 8250/16550 driver, 32 ports, IRQ sharing enabled
[    0.888181] 00:02: ttyS0 at I/O 0x3f8 (irq = 4, base_baud = 115200) is a 16550A
[    0.892510] Linux agpgart interface v0.103
[    0.895511] loop: module loaded
[    0.897018] scsi host0: ata_piix
[    0.898086] scsi host1: ata_piix
[    0.899037] ata1: PATA max UDMA/33 cmd 0x1f0 ctl 0x3f6 bmdma 0xd000 irq 14
[    0.900615] ata2: PATA max UDMA/33 cmd 0x170 ctl 0x376 bmdma 0xd008 irq 15
[    0.902315] libphy: Fixed MDIO Bus: probed
[    0.903380] tun: Universal TUN/TAP device driver, 1.6
[    0.904563] tun: (C) 1999-2004 Max Krasnyansky <maxk@qualcomm.com>
[    0.906205] PPP generic driver version 2.4.2
[    0.907451] ehci_hcd: USB 2.0 'Enhanced' Host Controller (EHCI) Driver
[    0.908907] ehci-pci: EHCI PCI platform driver
[    0.910047] ehci-platform: EHCI generic platform driver
[    0.911414] ohci_hcd: USB 1.1 'Open' Host Controller (OHCI) Driver
[    0.912882] ohci-pci: OHCI PCI platform driver
[    0.914057] ohci-platform: OHCI generic platform driver
[    0.915385] uhci_hcd: USB Universal Host Controller Interface driver
[    0.917001] i8042: PNP: PS/2 Controller [PNP0303:PS2K,PNP0f03:PS2M] at 0x60,0x64 irq 1,12
[    0.919605] serio: i8042 KBD port at 0x60,0x64 irq 1
[    0.920888] serio: i8042 AUX port at 0x60,0x64 irq 12
[    0.922558] mousedev: PS/2 mouse device common for all mice
[    0.924487] input: AT Translated Set 2 keyboard as /devices/platform/i8042/serio0/input/input2
[    0.927340] rtc_cmos rtc_cmos: rtc core: registered rtc_cmos as rtc0
[    0.928947] rtc_cmos rtc_cmos: alarms up to one day, 114 bytes nvram
[    0.930502] i2c /dev entries driver
[    0.931594] device-mapper: uevent: version 1.0.3
[    0.932945] device-mapper: ioctl: 4.34.0-ioctl (2015-10-28) initialised: dm-devel@redhat.com
[    0.935171] ledtrig-cpu: registered to indicate activity on CPUs
[    0.937172] NET: Registered protocol family 10
[    0.938713] NET: Registered protocol family 17
[    0.939980] Key type dns_resolver registered
[    0.942197] registered taskstats version 1
[    0.943463] Loading compiled-in X.509 certificates
[    0.945406] Loaded X.509 cert 'Build time autogenerated kernel key: 399ad61e9457a71f6b31060684c17f14836880c9'
[    0.947987] zswap: loaded using pool lzo/zbud
[    0.951974] Key type trusted registered
[    0.957430] Key type encrypted registered
[    0.958568] AppArmor: AppArmor sha1 policy hashing enabled
[    0.959989] ima: No TPM chip found, activating TPM-bypass!
[    0.961391] ima: Allocated hash algorithm: sha1
[    0.962629] evm: HMAC attrs: 0x1
[    0.964037]   Magic number: 8:290:136
[    0.965198] rtc_cmos rtc_cmos: setting system clock to 2020-10-20 16:08:20 UTC (1603210100)
[    0.967635] BIOS EDD facility v0.16 2004-Jun-25, 0 devices found
[    0.969126] EDD information not available.
[    1.080608] Freeing unused kernel memory: 1492K
[    1.084158] Write protecting the kernel read-only data: 14336k
[    1.086145] Freeing unused kernel memory: 1588K
[    1.087584] Freeing unused kernel memory: 56K
Loading, please wait...
starting version 229
[    1.108512] random: systemd-udevd: uninitialized urandom read (16 bytes read, 3 bits of entropy available)
[    1.109558] random: udevadm: uninitialized urandom read (16 bytes read, 3 bits of entropy available)
[    1.109601] random: udevadm: uninitialized urandom read (16 bytes read, 3 bits of entropy available)
[    1.117069] random: systemd-udevd: uninitialized urandom read (16 bytes read, 3 bits of entropy available)
[    1.120253] random: systemd-udevd: uninitialized urandom read (16 bytes read, 3 bits of entropy available)
[    1.123648] random: udevadm: uninitialized urandom read (16 bytes read, 3 bits of entropy available)
[    1.123731] random: udevadm: uninitialized urandom read (16 bytes read, 3 bits of entropy available)
[    1.124034] random: udevadm: uninitialized urandom read (16 bytes read, 3 bits of entropy available)
[    1.124134] random: udevadm: uninitialized urandom read (16 bytes read, 3 bits of entropy available)
[    1.124224] random: udevadm: uninitialized urandom read (16 bytes read, 3 bits of entropy available)
[    1.194095] Fusion MPT base driver 3.04.20
[    1.195901] Copyright (c) 1999-2008 LSI Corporation
[    1.204206] e1000: Intel(R) PRO/1000 Network Driver - version 7.3.21-k8-NAPI
[    1.205615] e1000: Copyright (c) 1999-2006 Intel Corporation.
[    1.222583] Fusion MPT SPI Host driver 3.04.20
[    1.227438] AVX2 version of gcm_enc/dec engaged.
[    1.228273] AES CTR mode by8 optimization enabled
[    1.404194] input: ImExPS/2 Generic Explorer Mouse as /devices/platform/i8042/serio1/input/input4
[    1.568073] e1000 0000:00:03.0 eth0: (PCI:33MHz:32-bit) 02:81:88:50:25:98
[    1.569485] e1000 0000:00:03.0 eth0: Intel(R) PRO/1000 Network Connection
[    1.571648] mptbase: ioc0: Initiating bringup
[    1.572472] e1000 0000:00:03.0 enp0s3: renamed from eth0
[    1.643228] ioc0: LSI53C1030 A0: Capabilities={Initiator}
[    1.804893] scsi host2: ioc0: LSI53C1030 A0, FwRev=00000000h, Ports=1, MaxQ=256, IRQ=20
[    1.923888] scsi 2:0:0:0: Direct-Access     VBOX     HARDDISK         1.0  PQ: 0 ANSI: 5
[    1.925758] scsi target2:0:0: Beginning Domain Validation
[    1.928036] scsi target2:0:0: Domain Validation skipping write tests
[    1.929366] scsi target2:0:0: Ending Domain Validation
[    1.930516] scsi target2:0:0: asynchronous
[    1.931831] scsi 2:0:1:0: Direct-Access     VBOX     HARDDISK         1.0  PQ: 0 ANSI: 5
[    1.933538] scsi target2:0:1: Beginning Domain Validation
[    1.935391] scsi target2:0:1: Domain Validation skipping write tests
[    1.946639] scsi target2:0:1: Ending Domain Validation
[    1.947819] scsi target2:0:1: asynchronous
[    1.955877] sd 2:0:0:0: Attached scsi generic sg0 type 0
[    1.956385] sd 2:0:0:0: [sda] 20971520 512-byte logical blocks: (10.7 GB/10.0 GiB)
[    1.956592] sd 2:0:0:0: [sda] Write Protect is off
[    1.956659] sd 2:0:0:0: [sda] Incomplete mode parameter data
[    1.956660] sd 2:0:0:0: [sda] Assuming drive cache: write through
[    1.962888] sd 2:0:1:0: [sdb] 20480 512-byte logical blocks: (10.5 MB/10.0 MiB)
[    1.964680] sd 2:0:1:0: Attached scsi generic sg1 type 0
[    1.965049]  sda: sda1
[    1.966530] sd 2:0:1:0: [sdb] Write Protect is off
[    1.967769] sd 2:0:0:0: [sda] Attached SCSI disk
[    1.969097] sd 2:0:1:0: [sdb] Incomplete mode parameter data
[    1.970138] sd 2:0:1:0: [sdb] Assuming drive cache: write through
[    1.975307] sd 2:0:1:0: [sdb] Attached SCSI disk
Begin: Loading essential drivers ... [    3.265246] md: linear personality registered for level -1
[    3.268219] md: multipath personality registered for level -4
[    3.271293] md: raid0 personality registered for level 0
[    3.275078] md: raid1 personality registered for level 1
[    3.371416] raid6: sse2x1   gen() 14917 MB/s
[    3.441826] raid6: sse2x1   xor()  8259 MB/s
[    3.511510] raid6: sse2x2   gen() 17321 MB/s
[    3.583742] raid6: sse2x2   xor() 12223 MB/s
[    3.663045] raid6: sse2x4   gen() 21854 MB/s
[    3.731743] raid6: sse2x4   xor() 11575 MB/s
[    3.799369] raid6: avx2x1   gen() 22212 MB/s
[    3.874911] raid6: avx2x2   gen() 27828 MB/s
[    3.946552] raid6: avx2x4   gen() 25832 MB/s
[    3.947376] raid6: using algorithm avx2x2 gen() 27828 MB/s
[    3.948354] raid6: using avx2x2 recovery algorithm
[    3.950399] xor: automatically using best checksumming function:
[    3.986944]    avx       : 21685.000 MB/sec
[    3.989044] async_tx: api initialized (async)
[    3.999648] md: raid6 personality registered for level 6
[    4.000620] md: raid5 personality registered for level 5
[    4.001447] md: raid4 personality registered for level 4
[    4.008238] md: raid10 personality registered for level 10
done.
Begin: Running /scripts/init-premount ... done.
Begin: Mounting root file system ... Begin: Running /scripts/local-top ... done.
Begin: Running /scripts/local-premount ... [    4.035327] Btrfs loaded
Scanning for Btrfs filesystems
done.
Warning: fsck not present, so skipping root file system
[    4.062326] EXT4-fs (sda1): mounted filesystem with ordered data mode. Opts: (null)
done.
Begin: Running /scripts/local-bottom ... done.
Begin: Running /scripts/init-bottom ... done.
[    4.179268] systemd[1]: systemd 229 running in system mode. (+PAM +AUDIT +SELINUX +IMA +APPARMOR +SMACK +SYSVINIT +UTMP +LIBCRYPTSETUP +GCRYPT +GNUTLS +ACL +XZ -LZ4 +SECCOMP +BLKID +ELFUTILS +KMOD -IDN)
[    4.181999] systemd[1]: Detected virtualization oracle.
[    4.182849] systemd[1]: Detected architecture x86-64.

Welcome to [1mUbuntu 16.04.6 LTS[0m!

[    4.186341] systemd[1]: Set hostname to <ubuntu-xenial>.
[    4.312913] systemd[1]: Set up automount Arbitrary Executable File Formats File System Automount Point.
[[0;32m  OK  [0m] Set up automount Arbitrary Executab...ats File System Automount Point.
[    4.315819] systemd[1]: Listening on Syslog Socket.
[[0;32m  OK  [0m] Listening on Syslog Socket.
[    4.317395] systemd[1]: Reached target System Time Synchronized.
[[0;32m  OK  [0m] Reached target System Time Synchronized.
[    4.319252] systemd[1]: Listening on udev Kernel Socket.
[[0;32m  OK  [0m] Listening on udev Kernel Socket.
[    4.320932] systemd[1]: Started Forward Password Requests to Wall Directory Watch.
[[0;32m  OK  [0m] Started Forward Password Requests to Wall Directory Watch.
[    4.323367] systemd[1]: Started Trigger resolvconf update for networkd DNS.
[[0;32m  OK  [0m] Started Trigger resolvconf update for networkd DNS.
[    4.325412] systemd[1]: Reached target Encrypted Volumes.
[[0;32m  OK  [0m] Reached target Encrypted Volumes.
[    4.327103] systemd[1]: Listening on Journal Socket (/dev/log).
[[0;32m  OK  [0m] Listening on Journal Socket (/dev/log).
[    4.328922] systemd[1]: Listening on LVM2 metadata daemon socket.
[[0;32m  OK  [0m] Listening on LVM2 metadata daemon socket.
[    4.330667] systemd[1]: Reached target User and Group Name Lookups.
[[0;32m  OK  [0m] Reached target User and Group Name Lookups.
[    4.333027] systemd[1]: Created slice System Slice.
[[0;32m  OK  [0m] Created slice System Slice.
[    4.334885] systemd[1]: Created slice system-serial\x2dgetty.slice.
[[0;32m  OK  [0m] Created slice system-serial\x2dgetty.slice.
[    4.336922] systemd[1]: Reached target Swap.
[[0;32m  OK  [0m] Reached target Swap.
[    4.338453] systemd[1]: Listening on Journal Socket.
[[0;32m  OK  [0m] Listening on Journal Socket.
[    4.355072] systemd[1]: Mounting Huge Pages File System...
         Mounting Huge Pages File System...
[    4.357750] systemd[1]: Starting Nameserver information manager...
         Starting Nameserver information manager...
[    4.360887] systemd[1]: Starting Create list of required static device nodes for the current kernel...
         Starting Create list of required st... nodes for the current kernel...
[    4.365616] systemd[1]: Mounting POSIX Message Queue File System...
         Mounting POSIX Message Queue File System...
[    4.367923] systemd[1]: Starting Set console keymap...
         Starting Set console keymap...
[    4.369943] systemd[1]: Mounting Debug File System...
         Mounting Debug File System...
[    4.375496] systemd[1]: Starting Load Kernel Modules...
         Starting Load Kernel Modules...
[    4.377621] systemd[1]: Listening on /dev/initctl Compatibility Named Pipe.
[[0;32m  OK  [0m] Listening on /dev/initctl Compatibility Named Pipe.
[    4.380028] systemd[1]: Starting Uncomplicated firewall...
         Starting Uncomplicated firewall...
[    4.382688] systemd[1]: Starting Remount Root and Kernel File Systems...
         Starting Remount Root and Kernel File Systems...
[    4.386112] systemd[1]: Created slice User and Session Slice.
[[0;32m  OK  [0m] Created slice User and Session Slice.
[    4.388920] systemd[1]: Reached target Slices.
[[0;32m  OK  [0m] Reached target Slices.
[    4.390457] systemd[1]: Listening on udev Control Socket.
[[0;32m  OK  [0m] Listening on udev Control Socket.
[    4.392188] systemd[1]: Listening on Device-mapper event daemon FIFOs.
[[0;32m  OK  [0m] Listening on Device-mapper event daemon FIFOs.
[    4.393876] EXT4-fs (sda1): re-mounted. Opts: (null)
[    4.395684] systemd[1]: Starting Monitoring of LVM2 mirrors, snapshots etc. using dmeventd or progress polling...
         Starting Monitoring of LVM2 mirrors... dmeventd or progress polling...
[    4.398977] systemd[1]: Listening on LVM2 poll daemon socket.
[[0;32m  OK  [0m] Listening on LVM2 poll daemon socket.
[    4.400823] systemd[1]: Listening on Journal Audit Socket.
[[0;32m  OK  [0m] Listening on Journal Audit Socket.
[    4.403183] systemd[1]: Starting Journal Service...
         Starting Journal Service...
[    4.405711] systemd[1]: Mounted Huge Pages File System.
[[0;32m  OK  [0m] Mounted Huge Pages File System.
[    4.407237] systemd[1]: Mounted POSIX Message Queue File System.
[[0;32m  OK  [0m] Mounted POSIX Message Queue File System.
[    4.409028] systemd[1]: Mounted Debug File System.
[[0;32m  OK  [0m] Mounted Debug File System.
[    4.411391] systemd[1]: Started Create list of required static device nodes for the current kernel.
[[0;32m  OK  [0m] Started Create list of required sta...ce nodes for the current kernel.
[    4.421957] systemd[1]: Started Uncomplicated firewall.
[[0;32m  OK  [0m] Started Uncomplicated firewa[    4.423478] Loading iSCSI transport class v2.0-870.
ll.
[    4.425072] systemd[1]: Started Remount Root and Kernel File Systems.
[[0;32m  OK  [0m] Started Remount Root and Kernel File Systems.
[    4.427617] systemd[1]: Started Nameserver information manager.
[[0;32m  OK  [0m] Started Nameserver information manager.
[    4.431809] systemd[1]: Started Set console keymap.
[[0;32m  OK  [0m] Started Set console keymap.
[    4.436322] systemd[1]: Started Journal Service.
[[0;32m  OK  [0m] Started Journal Service.
         Starting udev Coldplug all Devices...
         Starting Flush Journal to Persistent Storage...
         Starting Load/Save Random Seed...
[    4.447836] iscsi: registered transport (tcp)
         Starting Create Static Device Nodes in /dev...
[[0;32m  OK  [0m] Started LVM2 metadata daemon.
[[0;32m  OK  [0m] Started Load/Save Random Seed.
[    4.463454] systemd-journald[408]: Received request to flush runtime journal from PID 1
[[0;32m  OK  [0m] Started Flush Journal to Persistent Storage.
[[0;32m  OK  [0m] Started Create Static Device Nodes in /dev.
         Starting udev Kernel Device Manager...
[[0;32m  OK  [0m] Started udev Coldplug all Devices.
[    4.512091] iscsi: registered transport (iser)
[[0;32m  OK  [0m] Started Load Kernel Modules.
         Mounting FUSE Control File System...
         Starting Apply Kernel Variables...
[[0;32m  OK  [0m] Mounted FUSE Control File System.
[[0;32m  OK  [0m] Started Apply Kernel Variables.
[[0;32m  OK  [0m] Started Monitoring of LVM2 mirrors,...ng dmeventd or progress polling.
[[0;32m  OK  [0m] Reached target Local File Systems (Pre).
[[0;32m  OK  [0m] Reached target Local File Systems.
         Starting Create Volatile Files and Directories...
         Starting Set console font and keymap...
         Starting Tell Plymouth To Write Out Runtime Data...
         Starting Initial cloud-init job (pre-networking)...
         Starting LSB: AppArmor initialization...
[[0;32m  OK  [0m] Started udev Kernel Device Manager.
[[0;32m  OK  [0m] Started Dispatch Password Requests to Console Directory Watch.
[[0;32m  OK  [0m] Started Create Volatile Files and Directories.
[[0;32m  OK  [0m] Started Tell Plymouth To Write Out Runtime Data.
         Starting Update UTMP about System Boot/Shutdown...
[[0;32m  OK  [0m] Started Update UTMP about System Boot/Shutdown.
[[0;32m  OK  [0m] Started LSB: AppArmor initialization.
         Starting Load AppArmor profiles managed internally by snapd...
[[0;32m  OK  [0m] Started Load AppArmor profiles managed internally by snapd.
[[0;32m  OK  [0m] Found device /dev/ttyS0.
[[0;32m  OK  [0m] Started Set console font and keymap.
[[0;32m  OK  [0m] Created slice system-getty.slice.
[[0;32m  OK  [0m] Found device 82540EM Gigabit Ethern...r (PRO/1000 MT Desktop Adapter).
[[0;32m  OK  [0m] Listening on Load/Save RF Kill Switch Status /dev/rfkill Watch.
[    5.290119] cloud-init[489]: Cloud-init v. 20.2-45-g5f7825e2-0ubuntu1~16.04.1 running 'init-local' at Tue, 20 Oct 2020 16:08:24 +0000. Up 5.04 seconds.
[[0;32m  OK  [0m] Started Initial cloud-init job (pre-networking).
[[0;32m  OK  [0m] Reached target Network (Pre).
         Starting Raise network interfaces...
[[0;32m  OK  [0m] Started ifup for enp0s3.
[[0;32m  OK  [0m] Started Raise network interfaces.
[[0;32m  OK  [0m] Reached target Network.
         Starting Initial cloud-init job (metadata service crawler)...
[    5.996571] cloud-init[983]: Cloud-init v. 20.2-45-g5f7825e2-0ubuntu1~16.04.1 running 'init' at Tue, 20 Oct 2020 16:08:25 +0000. Up 5.77 seconds.
[    5.999314] cloud-init[983]: ci-info: ++++++++++++++++++++++++++++++++++++++Net device info++++++++++++++++++++++++++++++++++++++
[    6.001359] cloud-init[983]: ci-info: +--------+------+----------------------------+---------------+--------+-------------------+
[    6.003316] cloud-init[983]: ci-info: | Device |  Up  |          Address           |      Mask     | Scope  |     Hw-Address    |
[    6.004874] cloud-init[983]: ci-info: +--------+------+----------------------------+---------------+--------+-------------------+
[    6.006490] cloud-init[983]: ci-info: | enp0s3 | True |         10.0.2.15          | 255.255.255.0 | global | 02:81:88:50:25:98 |
[    6.008286] cloud-init[983]: ci-info: | enp0s3 | True | fe80::81:88ff:fe50:2598/64 |       .       |  link  | 02:81:88:50:25:98 |
[    6.009952] cloud-init[983]: ci-info: |   lo   | True |         127.0.0.1          |   255.0.0.0   |  host  |         .         |
[    6.011721] cloud-init[983]: ci-info: |   lo   | True |          ::1/128           |       .       |  host  |         .         |
[    6.013520] cloud-init[983]: ci-info: +--------+------+----------------------------+---------------+--------+-------------------+
[    6.015192] cloud-init[983]: ci-info: +++++++++++++++++++++++++++Route IPv4 info++++++++++++++++++++++++++++
[    6.016613] cloud-init[983]: ci-info: +-------+-------------+----------+---------------+-----------+-------+
[    6.017959] cloud-init[983]: ci-info: | Route | Destination | Gateway  |    Genmask    | Interface | Flags |
[    6.019293] cloud-init[983]: ci-info: +-------+-------------+----------+---------------+-----------+-------+
[    6.020637] cloud-init[983]: ci-info: |   0   |   0.0.0.0   | 10.0.2.2 |    0.0.0.0    |   enp0s3  |   UG  |
[    6.021964] cloud-init[983]: ci-info: |   1   |   10.0.2.0  | 0.0.0.0  | 255.255.255.0 |   enp0s3  |   U   |
[    6.023303] cloud-init[983]: ci-info: +-------+-------------+----------+---------------+-----------+-------+
[    6.024589] cloud-init[983]: ci-info: +++++++++++++++++++Route IPv6 info+++++++++++++++++++
[    6.025772] cloud-init[983]: ci-info: +-------+-------------+---------+-----------+-------+
[    6.026984] cloud-init[983]: ci-info: | Route | Destination | Gateway | Interface | Flags |
[    6.028233] cloud-init[983]: ci-info: +-------+-------------+---------+-----------+-------+
[    6.029415] cloud-init[983]: ci-info: |   0   |  fe80::/64  |    ::   |   enp0s3  |   U   |
[    6.030566] cloud-init[983]: ci-info: |   3   |   ff00::/8  |    ::   |   enp0s3  |   U   |
[    6.031883] cloud-init[983]: ci-info: +-------+-------------+---------+-----------+-------+
[[0;32m  OK  [0m] Started Initial cloud-init job (metadata service crawler).
[[0;32m  OK  [0m] Reached target System Initialization.
[[0;32m  OK  [0m] Started Message of the Day.
[[0;32m  OK  [0m] Started Daily apt download activities.
         Starting Socket activation for snappy daemon.
[[0;32m  OK  [0m] Listening on D-Bus System Message Bus Socket.
         Starting LXD - unix socket.
         Starting Docker Socket for the API.
[[0;32m  OK  [0m] Listening on ACPID Listen Socket.
[[0;32m  OK  [0m] Started Daily Cleanup of Temporary Directories.
[[0;32m  OK  [0m] Listening on UUID daemon activation socket.
[[0;32m  OK  [0m] Started Daily apt upgrade and clean activities.
[[0;32m  OK  [0m] Started ACPI Events Check.
[[0;32m  OK  [0m] Reached target Paths.
[[0;32m  OK  [0m] Reached target Timers.
[[0;32m  OK  [0m] Reached target Network is Online.
         Starting iSCSI initiator daemon (iscsid)...
[[0;32m  OK  [0m] Reached target Cloud-config availability.
[[0;32m  OK  [0m] Listening on Socket activation for snappy daemon.
[[0;32m  OK  [0m] Listening on LXD - unix socket.
[[0;32m  OK  [0m] Listening on Docker Socket for the API.
[[0;32m  OK  [0m] Reached target Sockets.
[[0;32m  OK  [0m] Reached target Basic System.
         Starting containerd container runtime...
[[0;32m  OK  [0m] Started ACPI event daemon.
         Starting Virtualbox guest utils...
[[0;32m  OK  [0m] Started Deferred execution scheduler.
[[0;32m  OK  [0m] Started D-Bus System Message Bus.
         Starting LSB: MD monitoring daemon...
         Starting Accounts Service...
         Starting /etc/rc.local Compatibility...
[[0;32m  OK  [0m] Started Regular background program processing daemon.
         Starting OpenBSD Secure Shell server...
         Starting LSB: Record successful boot for GRUB...
         Starting Message of the Day...
         Starting LXD - container startup/shutdown...
         Starting System Logging Service...
[[0;32m  OK  [0m] Started FUSE filesystem for LXC.
         Starting Login Service...
         Starting Snap Daemon...
[[0;32m  OK  [0m] Started iSCSI initiator daemon (iscsid).
[[0;32m  OK  [0m] Started containerd container runtime.
[[0;32m  OK  [0m] Started /etc/rc.local Compatibility.
         Starting Docker Application Container Engine...
         Starting Login to default iSCSI targets...
[[0;32m  OK  [0m] Started Login Service.
[[0;32m  OK  [0m] Started Unattended Upgrades Shutdown.
[[0;32m  OK  [0m] Started Login to default iSCSI targets.
[[0;32m  OK  [0m] Reached target Remote File Systems (Pre).
[[0;32m  OK  [0m] Reached target Remote File Systems.
         Starting LSB: Set the CPU Frequency Scaling governor to "ondemand"...
         Starting LSB: daemon to balance interrupts for SMP systems...
         Starting LSB: automatic crash report generation...
         Starting Permit User Sessions...
         Starting LSB: Set up cgroupfs mounts....
[[0;32m  OK  [0m] Started Permit User Sessions.
         Starting Hold until boot process finishes up...
         Starting Terminate Plymouth Boot Screen...
[[0;32m  OK  [0m] Started Hold until boot process finishes up.
[[0;32m  OK  [0m] Started Getty on tty1.
[[0;32m  OK  [0m] Started Serial Getty on ttyS0.
[[0;32m  OK  [0m] Reached target Login Prompts.
         Starting Set console scheme...
[[0;32m  OK  [0m] Started System Logging Service.
[[0;32m  OK  [0m] Started Set console scheme.
[[0;32m  OK  [0m] Started LSB: Record successful boot for GRUB.
[[0;32m  OK  [0m] Started Terminate Plymouth Boot Screen.
[[0;32m  OK  [0m] Started LSB: Set up cgroupfs mounts..
[[0;32m  OK  [0m] Started LSB: Set the CPU Frequency Scaling governor to "ondemand".
[[0;32m  OK  [0m] Started LSB: MD monitoring daemon.
[[0;32m  OK  [0m] Started LSB: daemon to balance interrupts for SMP systems.
[[0;32m  OK  [0m] Started LSB: automatic crash report generation.
[[0;32m  OK  [0m] Started OpenBSD Secure Shell server.
         Starting Authenticate and Authorize Users to Run Privileged Tasks...
[[0;32m  OK  [0m] Started Virtualbox guest utils.
[[0;32m  OK  [0m] Started Authenticate and Authorize Users to Run Privileged Tasks.
[[0;32m  OK  [0m] Started Accounts Service.
[[0;32m  OK  [0m] Started LXD - container startup/shutdown.
[[0;32m  OK  [0m] Started Snap Daemon.
         Starting Wait until snapd is fully seeded...
[[0;32m  OK  [0m] Started Wait until snapd is fully seeded.
         Starting Apply the settings specified in cloud-config...
[    7.180885] cloud-init[1310]: Cloud-init v. 20.2-45-g5f7825e2-0ubuntu1~16.04.1 running 'modules:config' at Tue, 20 Oct 2020 16:08:26 +0000. Up 7.07 seconds.
[[0;32m  OK  [0m] Started Apply the settings specified in cloud-config.
[[0;32m  OK  [0m] Started Message of the Day.
[[0;32m  OK  [0m] Started Docker Application Container Engine.
[[0;32m  OK  [0m] Reached target Multi-User System.
         Starting Execute cloud user/final scripts...
[[0;32m  OK  [0m] Reached target Graphical Interface.
         Starting Update UTMP about System Runlevel Changes...
[[0;32m  OK  [0m] Started Update UTMP about System Runlevel Changes.
[    7.821209] cloud-init[1507]: Cloud-init v. 20.2-45-g5f7825e2-0ubuntu1~16.04.1 running 'modules:final' at Tue, 20 Oct 2020 16:08:27 +0000. Up 7.73 seconds.
[    7.823035] cloud-init[1507]: Cloud-init v. 20.2-45-g5f7825e2-0ubuntu1~16.04.1 finished at Tue, 20 Oct 2020 16:08:27 +0000. Datasource DataSourceNoCloud [seed=/dev/sdb][dsmode=net].  Up 7.81 seconds
[[0;32m  OK  [0m] Started Execute cloud user/final scripts.
         Starting Daily apt download activities...
[[0;32m  OK  [0m] Reached target Cloud-init target.

Ubuntu 16.04.6 LTS ubuntu-xenial ttyS0

ubuntu-xenial login: 