[    0.000000] Initializing cgroup subsys cpuset
[    0.000000] Initializing cgroup subsys cpu
[    0.000000] Initializing cgroup subsys cpuacct
[    0.000000] Linux version 4.4.0-186-generic (buildd@lcy01-amd64-002) (gcc version 5.4.0 20160609 (Ubuntu 5.4.0-6ubuntu1~16.04.12) ) #216-Ubuntu SMP Wed Jul 1 05:34:05 UTC 2020 (Ubuntu 4.4.0-186.216-generic 4.4.228)
[    0.000000] Command line: BOOT_IMAGE=/boot/vmlinuz-4.4.0-186-generic root=UUID=34028db4-1a50-408f-8d44-ab3f92ccc29a ro console=tty1 console=ttyS0
[    0.000000] KERNEL supported cpus:
[    0.000000]   Intel GenuineIntel
[    0.000000]   AMD AuthenticAMD
[    0.000000]   Centaur CentaurHauls
[    0.000000] x86/fpu: xstate_offset[2]:  576, xstate_sizes[2]:  256
[    0.000000] x86/fpu: Supporting XSAVE feature 0x01: 'x87 floating point registers'
[    0.000000] x86/fpu: Supporting XSAVE feature 0x02: 'SSE registers'
[    0.000000] x86/fpu: Supporting XSAVE feature 0x04: 'AVX registers'
[    0.000000] x86/fpu: Enabled xstate features 0x7, context size is 832 bytes, using 'standard' format.
[    0.000000] e820: BIOS-provided physical RAM map:
[    0.000000] BIOS-e820: [mem 0x0000000000000000-0x000000000009fbff] usable
[    0.000000] BIOS-e820: [mem 0x000000000009fc00-0x000000000009ffff] reserved
[    0.000000] BIOS-e820: [mem 0x00000000000f0000-0x00000000000fffff] reserved
[    0.000000] BIOS-e820: [mem 0x0000000000100000-0x000000003ffeffff] usable
[    0.000000] BIOS-e820: [mem 0x000000003fff0000-0x000000003fffffff] ACPI data
[    0.000000] BIOS-e820: [mem 0x00000000fec00000-0x00000000fec00fff] reserved
[    0.000000] BIOS-e820: [mem 0x00000000fee00000-0x00000000fee00fff] reserved
[    0.000000] BIOS-e820: [mem 0x00000000fffc0000-0x00000000ffffffff] reserved
[    0.000000] NX (Execute Disable) protection: active
[    0.000000] SMBIOS 2.5 present.
[    0.000000] Hypervisor detected: KVM
[    0.000000] e820: last_pfn = 0x3fff0 max_arch_pfn = 0x400000000
[    0.000000] MTRR: Disabled
[    0.000000] x86/PAT: MTRRs disabled, skipping PAT initialization too.
[    0.000000] CPU MTRRs all blank - virtualized system.
[    0.000000] x86/PAT: Configuration [0-7]: WB  WT  UC- UC  WB  WT  UC- UC  
[    0.000000] found SMP MP-table at [mem 0x0009fff0-0x0009ffff] mapped at [ffff88000009fff0]
[    0.000000] Scanning 1 areas for low memory corruption
[    0.000000] RAMDISK: [mem 0x362de000-0x37166fff]
[    0.000000] ACPI: Early table checksum verification disabled
[    0.000000] ACPI: RSDP 0x00000000000E0000 000024 (v02 VBOX  )
[    0.000000] ACPI: XSDT 0x000000003FFF0030 00003C (v01 VBOX   VBOXXSDT 00000001 ASL  00000061)
[    0.000000] ACPI: FACP 0x000000003FFF00F0 0000F4 (v04 VBOX   VBOXFACP 00000001 ASL  00000061)
[    0.000000] ACPI: DSDT 0x000000003FFF0470 002325 (v02 VBOX   VBOXBIOS 00000002 INTL 20180105)
[    0.000000] ACPI: FACS 0x000000003FFF0200 000040
[    0.000000] ACPI: FACS 0x000000003FFF0200 000040
[    0.000000] ACPI: APIC 0x000000003FFF0240 00005C (v02 VBOX   VBOXAPIC 00000001 ASL  00000061)
[    0.000000] ACPI: SSDT 0x000000003FFF02A0 0001CC (v01 VBOX   VBOXCPUT 00000002 INTL 20180105)
[    0.000000] No NUMA configuration found
[    0.000000] Faking a node at [mem 0x0000000000000000-0x000000003ffeffff]
[    0.000000] NODE_DATA(0) allocated [mem 0x3ffeb000-0x3ffeffff]
[    0.000000] kvm-clock: Using msrs 4b564d01 and 4b564d00
[    0.000000] kvm-clock: cpu 0, msr 0:3ffe3001, primary cpu clock
[    0.000000] kvm-clock: using sched offset of 3154117318 cycles
[    0.000000] clocksource: kvm-clock: mask: 0xffffffffffffffff max_cycles: 0x1cd42e4dffb, max_idle_ns: 881590591483 ns
[    0.000000] Zone ranges:
[    0.000000]   DMA      [mem 0x0000000000001000-0x0000000000ffffff]
[    0.000000]   DMA32    [mem 0x0000000001000000-0x000000003ffeffff]
[    0.000000]   Normal   empty
[    0.000000]   Device   empty
[    0.000000] Movable zone start for each node
[    0.000000] Early memory node ranges
[    0.000000]   node   0: [mem 0x0000000000001000-0x000000000009efff]
[    0.000000]   node   0: [mem 0x0000000000100000-0x000000003ffeffff]
[    0.000000] Initmem setup node 0 [mem 0x0000000000001000-0x000000003ffeffff]
[    0.000000] ACPI: PM-Timer IO Port: 0x4008
[    0.000000] IOAPIC[0]: apic_id 2, version 32, address 0xfec00000, GSI 0-23
[    0.000000] ACPI: INT_SRC_OVR (bus 0 bus_irq 0 global_irq 2 dfl dfl)
[    0.000000] ACPI: INT_SRC_OVR (bus 0 bus_irq 9 global_irq 9 low level)
[    0.000000] Using ACPI (MADT) for SMP configuration information
[    0.000000] smpboot: Allowing 2 CPUs, 0 hotplug CPUs
[    0.000000] PM: Registered nosave memory: [mem 0x00000000-0x00000fff]
[    0.000000] PM: Registered nosave memory: [mem 0x0009f000-0x0009ffff]
[    0.000000] PM: Registered nosave memory: [mem 0x000a0000-0x000effff]
[    0.000000] PM: Registered nosave memory: [mem 0x000f0000-0x000fffff]
[    0.000000] e820: [mem 0x40000000-0xfebfffff] available for PCI devices
[    0.000000] Booting paravirtualized kernel on KVM
[    0.000000] clocksource: refined-jiffies: mask: 0xffffffff max_cycles: 0xffffffff, max_idle_ns: 7645519600211568 ns
[    0.000000] setup_percpu: NR_CPUS:512 nr_cpumask_bits:512 nr_cpu_ids:2 nr_node_ids:1
[    0.000000] PERCPU: Embedded 33 pages/cpu @ffff88003fc00000 s95512 r8192 d31464 u1048576
[    0.000000] Built 1 zonelists in Node order, mobility grouping on.  Total pages: 257912
[    0.000000] Policy zone: DMA32
[    0.000000] Kernel command line: BOOT_IMAGE=/boot/vmlinuz-4.4.0-186-generic root=UUID=34028db4-1a50-408f-8d44-ab3f92ccc29a ro console=tty1 console=ttyS0
[    0.000000] PID hash table entries: 4096 (order: 3, 32768 bytes)
[    0.000000] Memory: 997660K/1048120K available (8636K kernel code, 1337K rwdata, 4040K rodata, 1492K init, 1296K bss, 50460K reserved, 0K cma-reserved)
[    0.000000] SLUB: HWalign=64, Order=0-3, MinObjects=0, CPUs=2, Nodes=1
[    0.000000] Kernel/User page tables isolation: enabled
[    0.000000] Hierarchical RCU implementation.
[    0.000000] 	Build-time adjustment of leaf fanout to 64.
[    0.000000] 	RCU restricting CPUs from NR_CPUS=512 to nr_cpu_ids=2.
[    0.000000] RCU: Adjusting geometry for rcu_fanout_leaf=64, nr_cpu_ids=2
[    0.000000] NR_IRQS:33024 nr_irqs:440 16
[    0.000000] Console: colour VGA+ 80x25
[    0.000000] console [tty1] enabled
[    0.000000] console [ttyS0] enabled
[    0.000000] tsc: Detected 1991.998 MHz processor
[    0.117321] Calibrating delay loop (skipped) preset value.. 3983.99 BogoMIPS (lpj=7967992)
[    0.118500] pid_max: default: 32768 minimum: 301
[    0.119101] ACPI: Core revision 20150930
[    0.120289] ACPI: 2 ACPI AML tables successfully acquired and loaded
[    0.121213] Security Framework initialized
[    0.121831] Yama: becoming mindful.
[    0.122336] AppArmor: AppArmor initialized
[    0.122939] Dentry cache hash table entries: 131072 (order: 8, 1048576 bytes)
[    0.124525] Inode-cache hash table entries: 65536 (order: 7, 524288 bytes)
[    0.126550] Mount-cache hash table entries: 2048 (order: 2, 16384 bytes)
[    0.129308] Mountpoint-cache hash table entries: 2048 (order: 2, 16384 bytes)
[    0.130278] Initializing cgroup subsys io
[    0.130826] Initializing cgroup subsys memory
[    0.131402] Initializing cgroup subsys devices
[    0.132139] Initializing cgroup subsys freezer
[    0.132867] Initializing cgroup subsys net_cls
[    0.133538] Initializing cgroup subsys perf_event
[    0.134168] Initializing cgroup subsys net_prio
[    0.134761] Initializing cgroup subsys hugetlb
[    0.135379] Initializing cgroup subsys pids
[    0.150121] mce: CPU supports 0 MCE banks
[    0.150744] Last level iTLB entries: 4KB 64, 2MB 8, 4MB 8
[    0.151420] Last level dTLB entries: 4KB 64, 2MB 0, 4MB 0, 1GB 4
[    0.152223] Spectre V1 : Mitigation: usercopy/swapgs barriers and __user pointer sanitization
[    0.153451] Spectre V2 : Mitigation: Full generic retpoline
[    0.154395] Spectre V2 : Spectre v2 / SpectreRSB mitigation: Filling RSB on context switch
[    0.155545] Speculative Store Bypass: Vulnerable
[    0.156164] SRBDS: Unknown: Dependent on hypervisor status
[    0.156973] MDS: Mitigation: Clear CPU buffers
[    0.159740] Freeing SMP alternatives memory: 36K
[    0.165371] ftrace: allocating 32334 entries in 127 pages
[    0.227847] smpboot: APIC(0) Converting physical 0 to logical package 0
[    0.229151] smpboot: Max logical packages: 1
[    0.230329] x2apic enabled
[    0.231256] Switched APIC routing to physical x2apic.
[    0.233460] ..TIMER: vector=0x30 apic1=0 pin1=2 apic2=-1 pin2=-1
[    0.342572] smpboot: CPU0: Intel(R) Core(TM) i7-8550U CPU @ 1.80GHz (family: 0x6, model: 0x8e, stepping: 0xa)
[    0.344076] Performance Events: unsupported p6 CPU model 142 no PMU driver, software events only.
[    0.354067] KVM setup paravirtual spinlock
[    0.355368] x86: Booting SMP configuration:
[    0.355954] .... node  #0, CPUs:      #1
[    0.356651] kvm-clock: cpu 1, msr 0:3ffe3041, secondary cpu clock
[    0.377133] mce: CPU supports 0 MCE banks
[    0.380213] x86: Booted up 1 node, 2 CPUs
[    0.380910] smpboot: Total of 2 processors activated (7967.99 BogoMIPS)
[    0.382077] devtmpfs: initialized
[    0.383852] evm: security.selinux
[    0.384343] evm: security.SMACK64
[    0.384838] evm: security.SMACK64EXEC
[    0.385460] evm: security.SMACK64TRANSMUTE
[    0.386115] evm: security.SMACK64MMAP
[    0.386628] evm: security.ima
[    0.387076] evm: security.capability
[    0.387735] clocksource: jiffies: mask: 0xffffffff max_cycles: 0xffffffff, max_idle_ns: 7645041785100000 ns
[    0.388985] futex hash table entries: 512 (order: 3, 32768 bytes)
[    0.389902] pinctrl core: initialized pinctrl subsystem
[    0.390776] RTC time: 10:59:17, date: 08/16/20
[    0.391638] NET: Registered protocol family 16
[    0.405825] cpuidle: using governor ladder
[    0.418528] cpuidle: using governor menu
[    0.419343] PCCT header not found.
[    0.420088] ACPI: bus type PCI registered
[    0.420843] acpiphp: ACPI Hot Plug PCI Controller Driver version: 0.5
[    0.421939] PCI: Using configuration type 1 for base access
[    0.435082] ACPI: Added _OSI(Module Device)
[    0.435922] ACPI: Added _OSI(Processor Device)
[    0.436683] ACPI: Added _OSI(3.0 _SCP Extensions)
[    0.437513] ACPI: Added _OSI(Processor Aggregator Device)
[    0.439035] ACPI: Executed 1 blocks of module-level executable AML code
[    0.442003] ACPI: Interpreter enabled
[    0.442747] ACPI: (supports S0 S5)
[    0.443388] ACPI: Using IOAPIC for interrupt routing
[    0.444347] PCI: Using host bridge windows from ACPI; if necessary, use "pci=nocrs" and report a bug
[    0.449069] ACPI: PCI Root Bridge [PCI0] (domain 0000 [bus 00-ff])
[    0.450086] acpi PNP0A03:00: _OSC: OS supports [ASPM ClockPM Segments MSI]
[    0.451505] acpi PNP0A03:00: _OSC: not requesting OS control; OS requires [ExtendedConfig ASPM ClockPM MSI]
[    0.453125] acpi PNP0A03:00: fail to add MMCONFIG information, can't access extended PCI configuration space under this bridge.
[    0.455171] PCI host bridge to bus 0000:00
[    0.455828] pci_bus 0000:00: root bus resource [io  0x0000-0x0cf7 window]
[    0.456779] pci_bus 0000:00: root bus resource [io  0x0d00-0xffff window]
[    0.457711] pci_bus 0000:00: root bus resource [mem 0x000a0000-0x000bffff window]
[    0.458900] pci_bus 0000:00: root bus resource [mem 0x40000000-0xfdffffff window]
[    0.460073] pci_bus 0000:00: root bus resource [bus 00-ff]
[    0.462059] pci 0000:00:01.1: legacy IDE quirk: reg 0x10: [io  0x01f0-0x01f7]
[    0.463009] pci 0000:00:01.1: legacy IDE quirk: reg 0x14: [io  0x03f6]
[    0.463873] pci 0000:00:01.1: legacy IDE quirk: reg 0x18: [io  0x0170-0x0177]
[    0.472338] pci 0000:00:01.1: legacy IDE quirk: reg 0x1c: [io  0x0376]
[    0.482771] pci 0000:00:07.0: quirk: [io  0x4000-0x403f] claimed by PIIX4 ACPI
[    0.483920] pci 0000:00:07.0: quirk: [io  0x4100-0x410f] claimed by PIIX4 SMB
[    0.489948] ACPI: PCI Interrupt Link [LNKA] (IRQs 5 9 10 *11)
[    0.491389] ACPI: PCI Interrupt Link [LNKB] (IRQs 5 9 *10 11)
[    0.492681] ACPI: PCI Interrupt Link [LNKC] (IRQs 5 *9 10 11)
[    0.494314] ACPI: PCI Interrupt Link [LNKD] (IRQs 5 9 10 *11)
[    0.495637] ACPI: Enabled 2 GPEs in block 00 to 07
[    0.496656] vgaarb: setting as boot device: PCI:0000:00:02.0
[    0.497466] vgaarb: device added: PCI:0000:00:02.0,decodes=io+mem,owns=io+mem,locks=none
[    0.498664] vgaarb: loaded
[    0.499138] vgaarb: bridge control possible 0000:00:02.0
[    0.500078] SCSI subsystem initialized
[    0.500783] ACPI: bus type USB registered
[    0.501450] usbcore: registered new interface driver usbfs
[    0.502230] usbcore: registered new interface driver hub
[    0.502989] usbcore: registered new device driver usb
[    0.503825] PCI: Using ACPI for IRQ routing
[    0.505140] NetLabel: Initializing
[    0.505676] NetLabel:  domain hash size = 128
[    0.506318] NetLabel:  protocols = UNLABELED CIPSOv4
[    0.507110] NetLabel:  unlabeled traffic allowed by default
[    0.507960] amd_nb: Cannot enumerate AMD northbridges
[    0.508712] clocksource: Switched to clocksource kvm-clock
[    0.514632] AppArmor: AppArmor Filesystem Enabled
[    0.515443] pnp: PnP ACPI init
[    0.516506] pnp: PnP ACPI: found 3 devices
[    0.525403] clocksource: acpi_pm: mask: 0xffffff max_cycles: 0xffffff, max_idle_ns: 2085701024 ns
[    0.526728] NET: Registered protocol family 2
[    0.527502] TCP established hash table entries: 8192 (order: 4, 65536 bytes)
[    0.528458] TCP bind hash table entries: 8192 (order: 5, 131072 bytes)
[    0.529410] TCP: Hash tables configured (established 8192 bind 8192)
[    0.530286] UDP hash table entries: 512 (order: 2, 16384 bytes)
[    0.531032] UDP-Lite hash table entries: 512 (order: 2, 16384 bytes)
[    0.531865] NET: Registered protocol family 1
[    0.532494] pci 0000:00:00.0: Limiting direct PCI/PCI transfers
[    0.533372] pci 0000:00:01.0: Activating ISA DMA hang workarounds
[    0.534265] Unpacking initramfs...
[    0.714348] Freeing initrd memory: 14884K
[    0.715298] clocksource: tsc: mask: 0xffffffffffffffff max_cycles: 0x396d4e5fc9d, max_idle_ns: 881590756024 ns
[    0.716744] platform rtc_cmos: registered platform RTC device (no PNP device found)
[    0.718459] Scanning for low memory corruption every 60 seconds
[    0.719855] audit: initializing netlink subsys (disabled)
[    0.720731] audit: type=2000 audit(1597575562.733:1): initialized
[    0.722786] Initialise system trusted keyring
[    0.724558] HugeTLB registered 2 MB page size, pre-allocated 0 pages
[    0.726643] zbud: loaded
[    0.727398] VFS: Disk quotas dquot_6.6.0
[    0.728027] VFS: Dquot-cache hash table entries: 512 (order 0, 4096 bytes)
[    0.729156] squashfs: version 4.0 (2009/01/31) Phillip Lougher
[    0.730222] fuse init (API version 7.23)
[    0.730914] Key type big_key registered
[    0.731563] Allocating IMA MOK and blacklist keyrings.
[    0.733968] Key type asymmetric registered
[    0.734719] Asymmetric key parser 'x509' registered
[    0.735555] Block layer SCSI generic (bsg) driver version 0.4 loaded (major 249)
[    0.736866] io scheduler noop registered
[    0.737596] io scheduler deadline registered (default)
[    0.738332] io scheduler cfq registered
[    0.739001] pci_hotplug: PCI Hot Plug PCI Core version: 0.5
[    0.739757] pciehp: PCI Express Hot Plug Controller Driver version: 0.4
[    0.740703] ACPI: AC Adapter [AC] (on-line)
[    0.741442] input: Power Button as /devices/LNXSYSTM:00/LNXPWRBN:00/input/input0
[    0.742468] ACPI: Power Button [PWRF]
[    0.743028] input: Sleep Button as /devices/LNXSYSTM:00/LNXSLPBN:00/input/input1
[    0.744232] ACPI: Sleep Button [SLPF]
[    0.745489] ACPI: Battery Slot [BAT0] (battery present)
[    0.746221] GHES: HEST is not enabled!
[    0.746876] Serial: 8250/16550 driver, 32 ports, IRQ sharing enabled
[    0.768186] 00:02: ttyS0 at I/O 0x3f8 (irq = 4, base_baud = 115200) is a 16550A
    0.787404] Linux agpgart interface v0.103
[    0.789510] loop: module loaded
[    0.791191] scsi host0: ata_piix
[    0.792492] scsi host1: ata_piix
[    0.793443] ata1: PATA max UDMA/33 cmd 0x1f0 ctl 0x3f6 bmdma 0xd000 irq 14
[    0.794262] ata2: PATA max UDMA/33 cmd 0x170 ctl 0x376 bmdma 0xd008 irq 15
[    0.795167] libphy: Fixed MDIO Bus: probed
[    0.795915] tun: Universal TUN/TAP device driver, 1.6
[    0.796787] tun: (C) 1999-2004 Max Krasnyansky <maxk@qualcomm.com>
[    0.797741] PPP generic driver version 2.4.2
[    0.798383] ehci_hcd: USB 2.0 'Enhanced' Host Controller (EHCI) Driver
[    0.799210] ehci-pci: EHCI PCI platform driver
[    0.799824] ehci-platform: EHCI generic platform driver
[    0.800538] ohci_hcd: USB 1.1 'Open' Host Controller (OHCI) Driver
[    0.801417] ohci-pci: OHCI PCI platform driver
[    0.802895] ohci-platform: OHCI generic platform driver
[    0.804300] uhci_hcd: USB Universal Host Controller Interface driver
[    0.805739] i8042: PNP: PS/2 Controller [PNP0303:PS2K,PNP0f03:PS2M] at 0x60,0x64 irq 1,12
[    0.808851] serio: i8042 KBD port at 0x60,0x64 irq 1
[    0.809609] serio: i8042 AUX port at 0x60,0x64 irq 12
[    0.810354] mousedev: PS/2 mouse device common for all mice
[    0.811446] input: AT Translated Set 2 keyboard as /devices/platform/i8042/serio0/input/input2
[    0.812804] rtc_cmos rtc_cmos: rtc core: registered rtc_cmos as rtc0
[    0.813691] rtc_cmos rtc_cmos: alarms up to one day, 114 bytes nvram
[    0.814479] i2c /dev entries driver
[    0.815106] device-mapper: uevent: version 1.0.3
[    0.815816] device-mapper: ioctl: 4.34.0-ioctl (2015-10-28) initialised: dm-devel@redhat.com
[    0.817028] ledtrig-cpu: registered to indicate activity on CPUs
[    0.819422] NET: Registered protocol family 10
[    0.820996] NET: Registered protocol family 17
[    0.821645] Key type dns_resolver registered
[    0.822451] registered taskstats version 1
[    0.823042] Loading compiled-in X.509 certificates
[    0.824099] Loaded X.509 cert 'Build time autogenerated kernel key: cef5e81496c0efa51b848ab539e845ddf31c08be'
[    0.825452] zswap: loaded using pool lzo/zbud
[    0.827390] Key type trusted registered
[    0.833326] Key type encrypted registered
[    0.833942] AppArmor: AppArmor sha1 policy hashing enabled
[    0.834631] ima: No TPM chip found, activating TPM-bypass!
[    0.835382] ima: Allocated hash algorithm: sha1
[    0.836032] evm: HMAC attrs: 0x1
[    0.836885]   Magic number: 0:716:982
[    0.837560] rtc_cmos rtc_cmos: setting system clock to 2020-08-16 10:59:18 UTC (1597575558)
[    0.838832] BIOS EDD facility v0.16 2004-Jun-25, 0 devices found
[    0.839712] EDD information not available.
[    0.981945] Freeing unused kernel memory: 1492K
[    0.984067] Write protecting the kernel read-only data: 14336k
[    0.986890] Freeing unused kernel memory: 1592K
[    0.988603] Freeing unused kernel memory: 56K
Loading, please wait...
starting version 229
[    1.005217] random: systemd-udevd: uninitialized urandom read (16 bytes read, 3 bits of entropy available)
[    1.005973] random: udevadm: uninitialized urandom read (16 bytes read, 3 bits of entropy available)
[    1.006010] random: udevadm: uninitialized urandom read (16 bytes read, 3 bits of entropy available)
[    1.011720] random: systemd-udevd: uninitialized urandom read (16 bytes read, 3 bits of entropy available)
[    1.013852] random: systemd-udevd: uninitialized urandom read (16 bytes read, 3 bits of entropy available)
[    1.015871] random: systemd-udevd: uninitialized urandom read (16 bytes read, 3 bits of entropy available)
[    1.016619] random: udevadm: uninitialized urandom read (16 bytes read, 3 bits of entropy available)
[    1.016686] random: udevadm: uninitialized urandom read (16 bytes read, 3 bits of entropy available)
[    1.016911] random: udevadm: uninitialized urandom read (16 bytes read, 3 bits of entropy available)
[    1.016999] random: udevadm: uninitialized urandom read (16 bytes read, 3 bits of entropy available)
[    1.056631] e1000: Intel(R) PRO/1000 Network Driver - version 7.3.21-k8-NAPI
[    1.058978] e1000: Copyright (c) 1999-2006 Intel Corporation.
[    1.063134] Fusion MPT base driver 3.04.20
[    1.063830] Copyright (c) 1999-2008 LSI Corporation
[    1.080111] Fusion MPT SPI Host driver 3.04.20
[    1.083976] AVX2 version of gcm_enc/dec engaged.
[    1.084671] AES CTR mode by8 optimization enabled
[    1.087059] mptbase: ioc0: Initiating bringup
[    1.165472] ioc0: LSI53C1030 A0: Capabilities={Initiator}
[    1.713109] input: ImExPS/2 Generic Explorer Mouse as /devices/platform/i8042/serio1/input/input4
[    1.878636] scsi host2: ioc0: LSI53C1030 A0, FwRev=00000000h, Ports=1, MaxQ=256, IRQ=20
[    1.989426] scsi 2:0:0:0: Direct-Access     VBOX     HARDDISK         1.0  PQ: 0 ANSI: 5
[    1.991318] scsi target2:0:0: Beginning Domain Validation
[    1.993252] scsi target2:0:0: Domain Validation skipping write tests
[    1.994423] scsi target2:0:0: Ending Domain Validation
[    1.995381] scsi target2:0:0: asynchronous
[    1.996564] scsi 2:0:1:0: Direct-Access     VBOX     HARDDISK         1.0  PQ: 0 ANSI: 5
[    1.998107] scsi target2:0:1: Beginning Domain Validation
[    1.999743] scsi target2:0:1: Domain Validation skipping write tests
[    2.000993] scsi target2:0:1: Ending Domain Validation
[    2.001943] scsi target2:0:1: asynchronous
[    2.008710] sd 2:0:0:0: Attached scsi generic sg0 type 0
[    2.009914] sd 2:0:0:0: [sda] 20971520 512-byte logical blocks: (10.7 GB/10.0 GiB)
[    2.022623] sd 2:0:1:0: Attached scsi generic sg1 type 0
[    2.023745] sd 2:0:1:0: [sdb] 20480 512-byte logical blocks: (10.5 MB/10.0 MiB)
[    2.025537] sd 2:0:1:0: [sdb] Write Protect is off
[    2.026478] sd 2:0:0:0: [sda] Write Protect is off
[    2.027380] sd 2:0:1:0: [sdb] Incomplete mode parameter data
[    2.028457] sd 2:0:1:0: [sdb] Assuming drive cache: write through
[    2.031356] sd 2:0:0:0: [sda] Incomplete mode parameter data
[    2.032574] sd 2:0:0:0: [sda] Assuming drive cache: write through
[    2.035871]  sda: sda1
[    2.037807] sd 2:0:1:0: [sdb] Attached SCSI disk
[    2.038700] sd 2:0:0:0: [sda] Attached SCSI disk
[    2.350400] e1000 0000:00:03.0 eth0: (PCI:33MHz:32-bit) 02:81:88:50:25:98
[    2.351581] e1000 0000:00:03.0 eth0: Intel(R) PRO/1000 Network Connection
[    2.692445] e1000 0000:00:08.0 eth1: (PCI:33MHz:32-bit) 08:00:27:0b:66:f4
[    2.693704] e1000 0000:00:08.0 eth1: Intel(R) PRO/1000 Network Connection
[    2.695589] e1000 0000:00:08.0 enp0s8: renamed from eth1
[    2.705183] e1000 0000:00:03.0 enp0s3: renamed from eth0
Begin: Loading essential drivers ... [    4.058552] md: linear personality registered for level -1
[    4.062848] md: multipath personality registered for level -4
[    4.066340] md: raid0 personality registered for level 0
[    4.070733] md: raid1 personality registered for level 1
[    4.140823] raid6: sse2x1   gen() 10733 MB/s
[    4.208728] raid6: sse2x1   xor()  8531 MB/s
[    4.276754] raid6: sse2x2   gen() 15078 MB/s
[    4.344728] raid6: sse2x2   xor() 10277 MB/s
[    4.412766] raid6: sse2x4   gen() 13118 MB/s
[    4.484147] raid6: sse2x4   xor() 10161 MB/s
[    4.552772] raid6: avx2x1   gen() 17260 MB/s
[    4.620757] raid6: avx2x2   gen() 22026 MB/s
[    4.692170] raid6: avx2x4   gen() 30327 MB/s
[    4.693246] raid6: using algorithm avx2x4 gen() 30327 MB/s
[    4.694568] raid6: using avx2x2 recovery algorithm
[    4.697006] xor: automatically using best checksumming function:
[    4.797440]    avx       : 92703.000 MB/sec
[    4.799776] async_tx: api initialized (async)
[    4.809607] md: raid6 personality registered for level 6
[    4.810546] md: raid5 personality registered for level 5
[    4.811351] md: raid4 personality registered for level 4
[    4.818424] md: raid10 personality registered for level 10
done.
Begin: Running /scripts/init-premount ... done.
Begin: Mounting root file system ... Begin: Running /scripts/local-top ... done.
Begin: Running /scripts/local-premount ... [    4.847375] Btrfs loaded
Scanning for Btrfs filesystems
done.
Warning: fsck not present, so skipping root file system
[    4.875037] EXT4-fs (sda1): INFO: recovery required on readonly filesystem
[    4.876198] EXT4-fs (sda1): write access will be enabled during recovery
[    4.944434] EXT4-fs (sda1): recovery complete
[    4.945388] EXT4-fs (sda1): mounted filesystem with ordered data mode. Opts: (null)
done.
Begin: Running /scripts/local-bottom ... done.
Begin: Running /scripts/init-bottom ... done.
[    5.048436] systemd[1]: systemd 229 running in system mode. (+PAM +AUDIT +SELINUX +IMA +APPARMOR +SMACK +SYSVINIT +UTMP +LIBCRYPTSETUP +GCRYPT +GNUTLS +ACL +XZ -LZ4 +SECCOMP +BLKID +ELFUTILS +KMOD -IDN)
[    5.053138] systemd[1]: Detected virtualization oracle.
[    5.054370] systemd[1]: Detected architecture x86-64.

Welcome to [1mUbuntu 16.04.6 LTS[0m!

[    5.058936] systemd[1]: Set hostname to <ubuntu-xenial>.
[    5.201588] systemd[1]: Listening on udev Kernel Socket.
[[0;32m  OK  [0m] Listening on udev Kernel Socket.
[    5.204719] systemd[1]: Started Trigger resolvconf update for networkd DNS.
[[0;32m  OK  [0m] Started Trigger resolvconf update for networkd DNS.
[    5.206678] systemd[1]: Reached target User and Group Name Lookups.
[[0;32m  OK  [0m] Reached target User and Group Name Lookups.
[    5.208463] systemd[1]: Listening on udev Control Socket.
[[0;32m  OK  [0m] Listening on udev Control Socket.
[    5.210064] systemd[1]: Listening on Syslog Socket.
[[0;32m  OK  [0m] Listening on Syslog Socket.
[    5.211392] systemd[1]: Listening on Device-mapper event daemon FIFOs.
[[0;32m  OK  [0m] Listening on Device-mapper event daemon FIFOs.
[    5.213119] systemd[1]: Listening on LVM2 poll daemon socket.
[[0;32m  OK  [0m] Listening on LVM2 poll daemon socket.
[    5.214971] systemd[1]: Reached target Swap.
[[0;32m  OK  [0m] Reached target Swap.
[    5.216372] systemd[1]: Reached target System Time Synchronized.
[[0;32m  OK  [0m] Reached target System Time Synchronized.
[    5.218177] systemd[1]: Listening on Journal Socket.
[[0;32m  OK  [0m] Listening on Journal Socket.
[    5.219691] systemd[1]: Set up automount Arbitrary Executable File Formats File System Automount Point.
[[0;32m  OK  [0m] Set up automount Arbitrary Executab...ats File System Automount Point.
[    5.222486] systemd[1]: Created slice System Slice.
[[0;32m  OK  [0m] Created slice System Slice.
[    5.236868] systemd[1]: Mounting POSIX Message Queue File System...
         Mounting POSIX Message Queue File System...
[    5.239332] systemd[1]: Starting Create list of required static device nodes for the current kernel...
         Starting Create list of required st... nodes for the current kernel...
[    5.242333] systemd[1]: Mounting Huge Pages File System...
         Mounting Huge Pages File System...
[    5.244882] systemd[1]: Starting Uncomplicated firewall...
         Starting Uncomplicated firewall...
[    5.248396] systemd[1]: Starting Load Kernel Modules...
         Starting Load Kernel Modules...
[    5.256463] Loading iSCSI transport class v2.0-870.
[    5.261839] systemd[1]: Starting Set console keymap...
         Starting Set console keymap...
[    5.264039] systemd[1]: Listening on Journal Audit Socket.
[    5.265076] iscsi: registered transport (tcp)
[[0;32m  OK  [0m] Listening on Journal Audit Socket.
[    5.266335] systemd[1]: Listening on Journal Socket (/dev/log).
[[0;32m  OK  [0m] Listening on Journal Socket (/dev/log).
[    5.268972] systemd[1]: Starting Journal Service...
         Starting Journal Service...
[    5.271319] systemd[1]: Reached target Encrypted Volumes.
[[0;32m  OK  [0m] Reached target Encrypted Volumes.
[    5.281156] systemd[1]: Listening on /dev/initctl Compatibility Named Pipe.
[[0;32m  OK  [0m] Listening on /dev/initctl Compatibility Named Pipe.
[    5.293040] systemd[1]: Started Forward Password Requests to Wall Directory Watch.
[[0;32m  OK  [0m] Started Forward Password Requests to Wall Directory Watch.
[    5.304186] iscsi: registered transport (iser)
[    5.308916] systemd[1]: Starting Remount Root and Kernel File Systems...
         Starting Remount Root and Kernel File Systems...
[    5.311531] systemd[1]: Created slice system-serial\x2dgetty.slice.
[[0;32m  OK  [0m] Created slice system-serial\x2dgetty.slice.
[    5.314103] systemd[1]: Mounting Debug File System...
         Mounting Debug File System...
[    5.315595] systemd[1]: Created slice User and Session Slice.
[[0;32m  OK  [0m] Created slice User and Session Slice.
[    5.317111] systemd[1]: Reached target Slices.
[    5.317172] EXT4-fs (sda1): re-mounted. Opts: (null)
[[0;32m  OK  [0m] Reached target Slices.
[    5.319724] systemd[1]: Listening on LVM2 metadata daemon socket.
[[0;32m  OK  [0m] Listening on LVM2 metadata daemon socket.
[    5.329686] systemd[1]: Starting Monitoring of LVM2 mirrors, snapshots etc. using dmeventd or progress polling...
         Starting Monitoring of LVM2 mirrors... dmeventd or progress polling...
[    5.332777] systemd[1]: Starting Nameserver information manager...
         Starting Nameserver information manager...
[    5.335632] systemd[1]: Mounted Huge Pages File System.
[[0;32m  OK  [0m] Mounted Huge Pages File System.
[    5.337063] systemd[1]: Mounted POSIX Message Queue File System.
[[0;32m  OK  [0m] Mounted POSIX Message Queue File System.
[    5.338760] systemd[1]: Mounted Debug File System.
[[0;32m  OK  [0m] Mounted Debug File System.
[    5.341432] systemd[1]: Started Journal Service.
[[0;32m  OK  [0m] Started Journal Service.
[[0;32m  OK  [0m] Started Create list of required sta...ce nodes for the current kernel.
[[0;32m  OK  [0m] Started Uncomplicated firewall.
[[0;32m  OK  [0m] Started Load Kernel Modules.
[[0;32m  OK  [0m] Started Set console keymap.
[[0;32m  OK  [0m] Started Remount Root and Kernel File Systems.
[    5.382507] random: nonblocking pool is initialized
[[0;32m  OK  [0m] Started LVM2 metadata daemon.
         Starting udev Coldplug all Devices...
         Starting Load/Save Random Seed...
         Mounting FUSE Control File System...
         Starting Apply Kernel Variables...
         Starting Create Static Device Nodes in /dev...
         Starting Flush Journal to Persistent Storage...
[[0;32m  OK  [0m] Mounted FUSE Control File System.
[[0;32m  OK  [0m] Started Nameserver information manager.
[[0;32m  OK  [0m] Started Load/Save Random Seed.
[[0;32m  OK  [0m] Started Apply Kernel Variables.
[[0;32m  OK  [0m] Started Flush Journal to Persistent Storage.
[[0;32m  OK  [0m] Started Create Static Device Nodes in /dev.
         Starting udev Kernel Device Manager...
[[0;32m  OK  [0m] Started udev Coldplug all Devices.
[[0;32m  OK  [0m] Started udev Kernel Device Manager.
[[0;32m  OK  [0m] Started Dispatch Password Requests to Console Directory Watch.
[[0;32m  OK  [0m] Started Monitoring of LVM2 mirrors,...ng dmeventd or progress polling.
[[0;32m  OK  [0m] Reached target Local File Systems (Pre).
[[0;32m  OK  [0m] Reached target Local File Systems.
         Starting Create Volatile Files and Directories...
         Starting Tell Plymouth To Write Out Runtime Data...
         Starting Set console font and keymap...
         Starting Initial cloud-init job (pre-networking)...
         Starting LSB: AppArmor initialization...
[[0;32m  OK  [0m] Started Tell Plymouth To Write Out Runtime Data.
[[0;32m  OK  [0m] Started Create Volatile Files and Directories.
         Starting Update UTMP about System Boot/Shutdown...
[[0;32m  OK  [0m] Started LSB: AppArmor initialization.
         Starting Load AppArmor profiles managed internally by snapd...
[[0;32m  OK  [0m] Started Load AppArmor profiles managed internally by snapd.
[[0;32m  OK  [0m] Found device /dev/ttyS0.
[[0;32m  OK  [0m] Started Update UTMP about System Boot/Shutdown.
[[0;32m  OK  [0m] Listening on Load/Save RF Kill Switch Status /dev/rfkill Watch.
[[0;32m  OK  [0m] Found device 82540EM Gigabit Ethern...r (PRO/1000 MT Desktop Adapter).
[[0;32m  OK  [0m] Found device 82540EM Gigabit Ethern...r (PRO/1000 MT Desktop Adapter).
[[0;32m  OK  [0m] Started Set console font and keymap.
[[0;32m  OK  [0m] Created slice system-getty.slice.
[    6.309860] cloud-init[484]: Cloud-init v. 20.2-45-g5f7825e2-0ubuntu1~16.04.1 running 'init-local' at Sun, 16 Aug 2020 10:59:23 +0000. Up 6.03 seconds.
[[0;32m  OK  [0m] Started Initial cloud-init job (pre-networking).
[[0;32m  OK  [0m] Reached target Network (Pre).
[[0;32m  OK  [0m] Started ifup for enp0s8.
[[0;32m  OK  [0m] Started ifup for enp0s3.
         Starting Raise network interfaces...
[[0;32m  OK  [0m] Started Raise network interfaces.
         Starting Initial cloud-init job (metadata service crawler)...
[[0;32m  OK  [0m] Reached target Network.
[    6.928727] cloud-init[1075]: Cloud-init v. 20.2-45-g5f7825e2-0ubuntu1~16.04.1 running 'init' at Sun, 16 Aug 2020 10:59:24 +0000. Up 6.72 seconds.
[    6.930744] cloud-init[1075]: ci-info: ++++++++++++++++++++++++++++++++++++++Net device info+++++++++++++++++++++++++++++++++++++++
[    6.933162] cloud-init[1075]: ci-info: +--------+------+-----------------------------+---------------+--------+-------------------+
[    6.937165] cloud-init[1075]: ci-info: | Device |  Up  |           Address           |      Mask     | Scope  |     Hw-Address    |
[    6.940462] cloud-init[1075]: ci-info: +--------+------+-----------------------------+---------------+--------+-------------------+
[    6.942643] cloud-init[1075]: ci-info: | enp0s3 | True |          10.0.2.15          | 255.255.255.0 | global | 02:81:88:50:25:98 |
[    6.948684] cloud-init[1075]: ci-info: | enp0s3 | True |  fe80::81:88ff:fe50:2598/64 |       .       |  link  | 02:81:88:50:25:98 |
[    6.950385] cloud-init[1075]: ci-info: | enp0s8 | True |         192.168.50.4        | 255.255.255.0 | global | 08:00:27:0b:66:f4 |
[    6.952347] cloud-init[1075]: ci-info: | enp0s8 | True | fe80::a00:27ff:fe0b:66f4/64 |       .       |  link  | 08:00:27:0b:66:f4 |
[    6.956297] cloud-init[1075]: ci-info: |   lo   | True |          127.0.0.1          |   255.0.0.0   |  host  |         .         |
[    6.960302] cloud-init[1075]: ci-info: |   lo   | True |           ::1/128           |       .       |  host  |         .         |
[    6.964372] cloud-init[1075]: ci-info: +--------+------+-----------------------------+---------------+--------+-------------------+
[    6.965928] cloud-init[1075]: ci-info: ++++++++++++++++++++++++++++Route IPv4 info++++++++++++++++++++++++++++
[    6.967276] cloud-init[1075]: ci-info: +-------+--------------+----------+---------------+-----------+-------+
[    6.968695] cloud-init[1075]: ci-info: | Route | Destination  | Gateway  |    Genmask    | Interface | Flags |
[    6.972213] cloud-init[1075]: ci-info: +-------+--------------+----------+---------------+-----------+-------+
[    6.973594] cloud-init[1075]: ci-info: |   0   |   0.0.0.0    | 10.0.2.2 |    0.0.0.0    |   enp0s3  |   UG  |
[    6.976202] cloud-init[1075]: ci-info: |   1   |   10.0.2.0   | 0.0.0.0  | 255.255.255.0 |   enp0s3  |   U   |
[    6.980325] cloud-init[1075]: ci-info: |   2   | 192.168.50.0 | 0.0.0.0  | 255.255.255.0 |   enp0s8  |   U   |
[    6.981493] cloud-init[1075]: ci-info: +-------+--------------+----------+---------------+-----------+-------+
[    6.984238] cloud-init[1075]: ci-info: +++++++++++++++++++Route IPv6 info+++++++++++++++++++
[    6.988219] cloud-init[1075]: ci-info: +-------+-------------+---------+-----------+-------+
[    6.989484] cloud-init[1075]: ci-info: | Route | Destination | Gateway | Interface | Flags |
[    6.990751] cloud-init[1075]: ci-info: +-------+-------------+---------+-----------+-------+
[    6.991822] cloud-init[1075]: ci-info: |   0   |  fe80::/64  |    ::   |   enp0s8  |   U   |
[    6.992883] cloud-init[1075]: ci-info: |   1   |  fe80::/64  |    ::   |   enp0s3  |   U   |
[    6.993907] cloud-init[1075]: ci-info: |   4   |   ff00::/8  |    ::   |   enp0s8  |   U   |
[    6.995034] cloud-init[1075]: ci-info: |   5   |   ff00::/8  |    ::   |   enp0s3  |   U   |
[    6.996093] cloud-init[1075]: ci-info: +-------+-------------+---------+-----------+-------+
[[0;32m  OK  [0m] Started Initial cloud-init job (metadata service crawler).
[[0;32m  OK  [0m] Reached target System Initialization.
[[0;32m  OK  [0m] Listening on ACPID Listen Socket.
         Starting Socket activation for snappy daemon.
[[0;32m  OK  [0m] Started ACPI Events Check.
[[0;32m  OK  [0m] Reached target Paths.
         Starting Docker Socket for the API.
[[0;32m  OK  [0m] Listening on D-Bus System Message Bus Socket.
[[0;32m  OK  [0m] Started Daily apt download activities.
[[0;32m  OK  [0m] Started Daily apt upgrade and clean activities.
[[0;32m  OK  [0m] Started Message of the Day.
[[0;32m  OK  [0m] Started Daily Cleanup of Temporary Directories.
[[0;32m  OK  [0m] Reached target Timers.
         Starting LXD - unix socket.
[[0;32m  OK  [0m] Listening on UUID daemon activation socket.
[[0;32m  OK  [0m] Reached target Network is Online.
         Starting iSCSI initiator daemon (iscsid)...
[[0;32m  OK  [0m] Reached target Cloud-config availability.
[[0;32m  OK  [0m] Listening on Socket activation for snappy daemon.
[[0;32m  OK  [0m] Listening on Docker Socket for the API.
[[0;32m  OK  [0m] Listening on LXD - unix socket.
[[0;32m  OK  [0m] Reached target Sockets.
[[0;32m  OK  [0m] Reached target Basic System.
[[0;32m  OK  [0m] Started Deferred execution scheduler.
[[0;32m  OK  [0m] Started ACPI event daemon.
[[0;32m  OK  [0m] Started FUSE filesystem for LXC.
         Starting containerd container runtime...
         Starting LXD - container startup/shutdown...
         Starting System Logging Service...
         Starting /etc/rc.local Compatibility...
         Starting LSB: MD monitoring daemon...
         Starting OpenBSD Secure Shell server...
         Starting Message of the Day...
         Starting Login Service...
         Starting Virtualbox guest utils...
         Starting Accounts Service...
         Starting LSB: Record successful boot for GRUB...
[[0;32m  OK  [0m] Started D-Bus System Message Bus.
[[0;32m  OK  [0m] Started Regular background program processing daemon.
         Starting Snap Daemon...
[[0;32m  OK  [0m] Started System Logging Service.
[[0;32m  OK  [0m] Started iSCSI initiator daemon (iscsid).
[[0;32m  OK  [0m] Started containerd container runtime.
[[0;32m  OK  [0m] Started /etc/rc.local Compatibility.
[[0;32m  OK  [0m] Started OpenBSD Secure Shell server.
[[0;32m  OK  [0m] Started Login Service.
[[0;32m  OK  [0m] Started Unattended Upgrades Shutdown.
         Starting Authenticate and Authorize Users to Run Privileged Tasks...
         Starting Docker Application Container Engine...
         Starting Login to default iSCSI targets...
[[0;32m  OK  [0m] Started LSB: Record successful boot for GRUB.
[[0;32m  OK  [0m] Started LSB: MD monitoring daemon.
[[0;32m  OK  [0m] Started Authenticate and Authorize Users to Run Privileged Tasks.
[[0;32m  OK  [0m] Started Accounts Service.
[[0;32m  OK  [0m] Started Login to default iSCSI targets.
[[0;32m  OK  [0m] Reached target Remote File Systems (Pre).
[[0;32m  OK  [0m] Reached target Remote File Systems.
         Starting LSB: Set the CPU Frequency Scaling governor to "ondemand"...
         Starting Permit User Sessions...
         Starting LSB: Set up cgroupfs mounts....
         Starting LSB: daemon to balance interrupts for SMP systems...
         Starting LSB: automatic crash report generation...
[[0;32m  OK  [0m] Started LXD - container startup/shutdown.
[[0;32m  OK  [0m] Started LSB: Set up cgroupfs mounts..
[[0;32m  OK  [0m] Started Permit User Sessions.
         Starting Terminate Plymouth Boot Screen...
         Starting Hold until boot process finishes up...
[[0;32m  OK  [0m] Started Terminate Plymouth Boot Screen.
[[0;32m  OK  [0m] Started Hold until boot process finishes up.
[[0;32m  OK  [0m] Started Getty on tty1.
[[0;32m  OK  [0m] Started Serial Getty on ttyS0.
[[0;32m  OK  [0m] Reached target Login Prompts.
         Starting Set console scheme...
[[0;32m  OK  [0m] Started Set console scheme.
[[0;32m  OK  [0m] Started LSB: Set the CPU Frequency Scaling governor to "ondemand".
[[0;32m  OK  [0m] Started LSB: automatic crash report generation.
[[0;32m  OK  [0m] Started LSB: daemon to balance interrupts for SMP systems.
[[0;32m  OK  [0m] Started Virtualbox guest utils.
[[0;32m  OK  [0m] Started Snap Daemon.
         Starting Wait until snapd is fully seeded...
[[0;32m  OK  [0m] Started Wait until snapd is fully seeded.
         Starting Apply the settings specified in cloud-config...
[    8.121954] cloud-init[1396]: Cloud-init v. 20.2-45-g5f7825e2-0ubuntu1~16.04.1 running 'modules:config' at Sun, 16 Aug 2020 10:59:25 +0000. Up 8.04 seconds.
[[0;32m  OK  [0m] Started Apply the settings specified in cloud-config.
[[0;32m  OK  [0m] Started Message of the Day.
[[0;32m  OK  [0m] Started Docker Application Container Engine.
[[0;32m  OK  [0m] Reached target Multi-User System.
[[0;32m  OK  [0m] Reached target Graphical Interface.
         Starting Execute cloud user/final scripts...
         Starting Update UTMP about System Runlevel Changes...
[[0;32m  OK  [0m] Started Update UTMP about System Runlevel Changes.
[    8.649004] cloud-init[1600]: Cloud-init v. 20.2-45-g5f7825e2-0ubuntu1~16.04.1 running 'modules:final' at Sun, 16 Aug 2020 10:59:26 +0000. Up 8.57 seconds.
[    8.650672] cloud-init[1600]: Cloud-init v. 20.2-45-g5f7825e2-0ubuntu1~16.04.1 finished at Sun, 16 Aug 2020 10:59:26 +0000. Datasource DataSourceNoCloud [seed=/dev/sdb][dsmode=net].  Up 8.64 seconds
[[0;32m  OK  [0m] Started Execute cloud user/final scripts.
[[0;32m  OK  [0m] Reached target Cloud-init target.
         Starting Daily apt download activities...

Ubuntu 16.04.6 LTS ubuntu-xenial ttyS0

ubuntu-xenial login: 